File library version: Major= 0, Minor=0, Release=0
String=

Number type                   : (tag 106)
	Ref nos: 110
Machine type                  : (tag 107)
	Ref nos: 4369
Image Dimensions-8            : (tag 200)
	Ref nos: 110
Raster Image-8                : (tag 202)
	Ref nos: 110
Image Dimensions              : (tag 300)
	Ref nos: 110
Raster Image Data             : (tag 302)
	Ref nos: 110
Raster Image Group            : (tag 306)
	Ref nos: 110
